---
source: core/tests/mail_fixtures.rs
expression: "describe(std::fs::read(&path).unwrap())"
---
LinkedIn | Fwd: LinkedIn-Alert | Ich
- linkedin:4990000001 | Senior Controller (m/w/d) | Musterwerke GmbH | Köln, Nordrhein-Westfalen | https://www.linkedin.com/jobs/view/4990000001/
- linkedin:4990000002 | Interim CFO | Nordlicht AG | Hamburg (Hybrid) | https://www.linkedin.com/jobs/view/4990000002/
